2026-04-27 20:01:00,143 - INFO - 
num_classes	500
2026-04-27 20:01:00,144 - INFO - num train    	42490
2026-04-27 20:01:00,144 - INFO - num val      	2217
2026-04-27 20:01:00,144 - INFO - train loss   	full_loss
2026-04-27 20:01:00,144 - INFO - model name   	../pre_trained_models/sphere2vec_sphereC/model_birdsnap_ebird_meta_1.0_Sphere2Vec-sphereC_inception_v3_0.0010_64_0.0010000_1_512.pth.tar
2026-04-27 20:01:00,144 - INFO - num users    	5763
2026-04-27 20:01:00,144 - INFO - meta data    	ebird_meta
2026-04-27 20:01:56,344 - INFO - 
num_classes	500
2026-04-27 20:01:56,345 - INFO - num train    	42490
2026-04-27 20:01:56,345 - INFO - num val      	2217
2026-04-27 20:01:56,345 - INFO - train loss   	full_loss
2026-04-27 20:01:56,345 - INFO - model name   	../pre_trained_models/sphere2vec_sphereC/model_birdsnap_ebird_meta_1.0_Sphere2Vec-sphereC_inception_v3_0.0010_64_0.0010000_1_512.pth.tar
2026-04-27 20:01:56,345 - INFO - num users    	5763
2026-04-27 20:01:56,345 - INFO - meta data    	ebird_meta
2026-04-27 20:01:57,159 - INFO - 
Epoch	0
2026-04-27 20:01:58,537 - INFO - [41984/42490]	Loss  : 1.7743
2026-04-27 20:01:58,627 - INFO - Test loss   : 0.7660
2026-04-27 20:01:58,628 - INFO - 
Epoch	1
2026-04-27 20:01:59,767 - INFO - [41984/42490]	Loss  : 1.2635
2026-04-27 20:01:59,815 - INFO - Test loss   : 0.5227
2026-04-27 20:01:59,816 - INFO - 
Epoch	2
2026-04-27 20:02:01,194 - INFO - [41984/42490]	Loss  : 1.0380
2026-04-27 20:02:01,218 - INFO - Test loss   : 0.3823
2026-04-27 20:02:01,218 - INFO - 
Epoch	3
2026-04-27 20:02:02,475 - INFO - [41984/42490]	Loss  : 0.9508
2026-04-27 20:02:02,500 - INFO - Test loss   : 0.3479
2026-04-27 20:02:02,500 - INFO - 
Epoch	4
2026-04-27 20:02:03,853 - INFO - [41984/42490]	Loss  : 0.9020
2026-04-27 20:02:03,877 - INFO - Test loss   : 0.3370
2026-04-27 20:02:03,878 - INFO - 
Epoch	5
2026-04-27 20:02:05,065 - INFO - [41984/42490]	Loss  : 0.8711
2026-04-27 20:02:05,098 - INFO - Test loss   : 0.3327
2026-04-27 20:02:05,098 - INFO - 
Epoch	6
2026-04-27 20:02:06,213 - INFO - [41984/42490]	Loss  : 0.8487
2026-04-27 20:02:06,235 - INFO - Test loss   : 0.3271
2026-04-27 20:02:06,235 - INFO - 
Epoch	7
2026-04-27 20:02:07,437 - INFO - [41984/42490]	Loss  : 0.8282
2026-04-27 20:02:07,459 - INFO - Test loss   : 0.3268
2026-04-27 20:02:07,460 - INFO - 
Epoch	8
2026-04-27 20:02:08,633 - INFO - [41984/42490]	Loss  : 0.8129
2026-04-27 20:02:08,658 - INFO - Test loss   : 0.3290
2026-04-27 20:02:08,658 - INFO - 
Epoch	9
2026-04-27 20:02:09,857 - INFO - [41984/42490]	Loss  : 0.8011
2026-04-27 20:02:09,880 - INFO - Test loss   : 0.3292
2026-04-27 20:02:09,881 - INFO - 
Epoch	10
2026-04-27 20:02:11,090 - INFO - [41984/42490]	Loss  : 0.7869
2026-04-27 20:02:11,113 - INFO - Test loss   : 0.3371
2026-04-27 20:02:11,113 - INFO - 
Epoch	11
2026-04-27 20:02:12,239 - INFO - [41984/42490]	Loss  : 0.7761
2026-04-27 20:02:12,262 - INFO - Test loss   : 0.3384
2026-04-27 20:02:12,262 - INFO - 
Epoch	12
2026-04-27 20:02:13,434 - INFO - [41984/42490]	Loss  : 0.7657
2026-04-27 20:02:13,458 - INFO - Test loss   : 0.3379
2026-04-27 20:02:13,458 - INFO - 
Epoch	13
2026-04-27 20:02:14,614 - INFO - [41984/42490]	Loss  : 0.7568
2026-04-27 20:02:14,636 - INFO - Test loss   : 0.3449
2026-04-27 20:02:14,636 - INFO - 
Epoch	14
2026-04-27 20:02:15,850 - INFO - [41984/42490]	Loss  : 0.7480
2026-04-27 20:02:15,874 - INFO - Test loss   : 0.3520
2026-04-27 20:02:15,874 - INFO - 
Epoch	15
2026-04-27 20:02:17,090 - INFO - [41984/42490]	Loss  : 0.7426
2026-04-27 20:02:17,113 - INFO - Test loss   : 0.3534
2026-04-27 20:02:17,114 - INFO - 
Epoch	16
2026-04-27 20:02:18,243 - INFO - [41984/42490]	Loss  : 0.7350
2026-04-27 20:02:18,266 - INFO - Test loss   : 0.3599
2026-04-27 20:02:18,266 - INFO - 
Epoch	17
2026-04-27 20:02:19,543 - INFO - [41984/42490]	Loss  : 0.7290
2026-04-27 20:02:19,566 - INFO - Test loss   : 0.3650
2026-04-27 20:02:19,566 - INFO - 
Epoch	18
2026-04-27 20:02:20,770 - INFO - [41984/42490]	Loss  : 0.7211
2026-04-27 20:02:20,795 - INFO - Test loss   : 0.3675
2026-04-27 20:02:20,795 - INFO - 
Epoch	19
2026-04-27 20:02:21,983 - INFO - [41984/42490]	Loss  : 0.7162
2026-04-27 20:02:22,008 - INFO - Test loss   : 0.3689
2026-04-27 20:02:22,008 - INFO - Saving output model to ../pre_trained_models/sphere2vec_sphereC/model_birdsnap_ebird_meta_1.0_Sphere2Vec-sphereC_inception_v3_0.0010_64_0.0010000_1_512.pth.tar
2026-04-27 20:02:22,142 - INFO - Saving output model to ../pre_trained_models/sphere2vec_sphereC/model_birdsnap_ebird_meta_1.0_Sphere2Vec-sphereC_inception_v3_0.0010_64_0.0010000_1_512.pth.tar
2026-04-27 20:02:22,250 - INFO - 
No prior
2026-04-27 20:02:22,252 - INFO - (2262,)
2026-04-27 20:02:22,349 - INFO - Save results to ../eval_results/eval_birdsnap_ebird_meta_test_no_prior.csv
2026-04-27 20:02:22,349 - INFO -  Split ID: 0
2026-04-27 20:02:22,349 - INFO -  Top 1	acc (%):   70.07
2026-04-27 20:02:22,350 - INFO -  Top 3	acc (%):   86.6
2026-04-27 20:02:22,350 - INFO -  Top 5	acc (%):   90.05
2026-04-27 20:02:22,350 - INFO -  Top 10	acc (%):   92.88
2026-04-27 20:02:22,654 - INFO -  Split ID: 0
2026-04-27 20:02:22,654 - INFO -  Top 1	acc (%):   79.84
2026-04-27 20:02:22,654 - INFO -  Top 3	acc (%):   91.47
2026-04-27 20:02:22,654 - INFO -  Top 5	acc (%):   93.99
2026-04-27 20:02:22,655 - INFO -  Top 10	acc (%):   96.2
2026-04-27 20:02:22,655 - INFO - 
Only Sphere2Vec-sphereC
2026-04-27 20:02:22,655 - INFO -  Model :	model_birdsnap_ebird_meta_1.0_Sphere2Vec-sphereC_inception_v3_0.0010_64_0.0010000_1_512.pth.tar
2026-04-27 20:02:22,671 - INFO - (2217,)
2026-04-27 20:02:22,733 - INFO -  Split ID: 0
2026-04-27 20:02:22,734 - INFO -  Top 1	LocEnc acc (%):   5.55
2026-04-27 20:02:22,734 - INFO -  Top 3	LocEnc acc (%):   12.54
2026-04-27 20:02:22,734 - INFO -  Top 5	LocEnc acc (%):   18.09
2026-04-27 20:02:22,734 - INFO -  Top 10	LocEnc acc (%):   28.51
2026-04-27 20:03:38,074 - INFO - 
num_classes	500
2026-04-27 20:03:38,074 - INFO - num train    	42490
2026-04-27 20:03:38,074 - INFO - num val      	2217
2026-04-27 20:03:38,074 - INFO - train loss   	full_loss
2026-04-27 20:03:38,075 - INFO - model name   	../pre_trained_models/sphere2vec_sphereC/model_birdsnap_ebird_meta_1.0_Sphere2Vec-sphereC_inception_v3_0.0010_64_0.0010000_1_512.pth.tar
2026-04-27 20:03:38,075 - INFO - num users    	5763
2026-04-27 20:03:38,075 - INFO - meta data    	ebird_meta
2026-04-27 20:03:38,861 - INFO - 
Epoch	0
2026-04-27 20:03:40,278 - INFO - [41984/42490]	Loss  : 1.7677
2026-04-27 20:03:40,376 - INFO - Test loss   : 0.7609
2026-04-27 20:03:40,376 - INFO - 
Epoch	1
2026-04-27 20:03:41,528 - INFO - [41984/42490]	Loss  : 1.2451
2026-04-27 20:03:41,554 - INFO - Test loss   : 0.5042
2026-04-27 20:03:41,554 - INFO - 
Epoch	2
2026-04-27 20:03:42,772 - INFO - [41984/42490]	Loss  : 1.0267
2026-04-27 20:03:42,797 - INFO - Test loss   : 0.3769
2026-04-27 20:03:42,797 - INFO - 
Epoch	3
2026-04-27 20:03:44,049 - INFO - [41984/42490]	Loss  : 0.9471
2026-04-27 20:03:44,074 - INFO - Test loss   : 0.3440
2026-04-27 20:03:44,074 - INFO - 
Epoch	4
2026-04-27 20:03:45,350 - INFO - [41984/42490]	Loss  : 0.8999
2026-04-27 20:03:45,374 - INFO - Test loss   : 0.3305
2026-04-27 20:03:45,374 - INFO - 
Epoch	5
2026-04-27 20:03:46,509 - INFO - [41984/42490]	Loss  : 0.8684
2026-04-27 20:03:46,533 - INFO - Test loss   : 0.3281
2026-04-27 20:03:46,533 - INFO - 
Epoch	6
2026-04-27 20:03:47,698 - INFO - [41984/42490]	Loss  : 0.8425
2026-04-27 20:03:47,721 - INFO - Test loss   : 0.3262
2026-04-27 20:03:47,722 - INFO - 
Epoch	7
2026-04-27 20:03:48,989 - INFO - [41984/42490]	Loss  : 0.8243
2026-04-27 20:03:49,014 - INFO - Test loss   : 0.3277
2026-04-27 20:03:49,015 - INFO - 
Epoch	8
2026-04-27 20:03:50,159 - INFO - [41984/42490]	Loss  : 0.8109
2026-04-27 20:03:50,182 - INFO - Test loss   : 0.3242
2026-04-27 20:03:50,182 - INFO - 
Epoch	9
2026-04-27 20:03:51,384 - INFO - [41984/42490]	Loss  : 0.7944
2026-04-27 20:03:51,408 - INFO - Test loss   : 0.3356
2026-04-27 20:03:51,408 - INFO - 
Epoch	10
2026-04-27 20:03:52,734 - INFO - [41984/42490]	Loss  : 0.7837
2026-04-27 20:03:52,757 - INFO - Test loss   : 0.3346
2026-04-27 20:03:52,757 - INFO - 
Epoch	11
2026-04-27 20:03:53,888 - INFO - [41984/42490]	Loss  : 0.7729
2026-04-27 20:03:53,913 - INFO - Test loss   : 0.3347
2026-04-27 20:03:53,913 - INFO - 
Epoch	12
2026-04-27 20:03:55,153 - INFO - [41984/42490]	Loss  : 0.7628
2026-04-27 20:03:55,178 - INFO - Test loss   : 0.3422
2026-04-27 20:03:55,178 - INFO - 
Epoch	13
2026-04-27 20:03:56,367 - INFO - [41984/42490]	Loss  : 0.7550
2026-04-27 20:03:56,392 - INFO - Test loss   : 0.3424
2026-04-27 20:03:56,392 - INFO - 
Epoch	14
2026-04-27 20:03:57,660 - INFO - [41984/42490]	Loss  : 0.7450
2026-04-27 20:03:57,684 - INFO - Test loss   : 0.3427
2026-04-27 20:03:57,684 - INFO - 
Epoch	15
2026-04-27 20:03:58,914 - INFO - [41984/42490]	Loss  : 0.7374
2026-04-27 20:03:58,939 - INFO - Test loss   : 0.3491
2026-04-27 20:03:58,939 - INFO - 
Epoch	16
2026-04-27 20:04:00,126 - INFO - [41984/42490]	Loss  : 0.7319
2026-04-27 20:04:00,151 - INFO - Test loss   : 0.3563
2026-04-27 20:04:00,152 - INFO - 
Epoch	17
2026-04-27 20:04:01,366 - INFO - [41984/42490]	Loss  : 0.7239
2026-04-27 20:04:01,414 - INFO - Test loss   : 0.3635
2026-04-27 20:04:01,414 - INFO - 
Epoch	18
2026-04-27 20:04:02,556 - INFO - [41984/42490]	Loss  : 0.7181
2026-04-27 20:04:02,579 - INFO - Test loss   : 0.3683
2026-04-27 20:04:02,579 - INFO - 
Epoch	19
2026-04-27 20:04:03,777 - INFO - [41984/42490]	Loss  : 0.7127
2026-04-27 20:04:03,801 - INFO - Test loss   : 0.3639
2026-04-27 20:04:03,801 - INFO - Saving output model to ../pre_trained_models/sphere2vec_sphereC/model_birdsnap_ebird_meta_1.0_Sphere2Vec-sphereC_inception_v3_0.0010_64_0.0010000_1_512.pth.tar
2026-04-27 20:04:03,916 - INFO - Saving output model to ../pre_trained_models/sphere2vec_sphereC/model_birdsnap_ebird_meta_1.0_Sphere2Vec-sphereC_inception_v3_0.0010_64_0.0010000_1_512.pth.tar
2026-04-27 20:04:04,014 - INFO - 
No prior
2026-04-27 20:04:04,016 - INFO - (2262,)
2026-04-27 20:04:04,112 - INFO - Save results to ../eval_results/eval_birdsnap_ebird_meta_test_no_prior.csv
2026-04-27 20:04:04,112 - INFO -  Split ID: 0
2026-04-27 20:04:04,112 - INFO -  Top 1	acc (%):   70.07
2026-04-27 20:04:04,112 - INFO -  Top 3	acc (%):   86.6
2026-04-27 20:04:04,112 - INFO -  Top 5	acc (%):   90.05
2026-04-27 20:04:04,112 - INFO -  Top 10	acc (%):   92.88
2026-04-27 20:04:04,411 - INFO -  Split ID: 0
2026-04-27 20:04:04,411 - INFO -  Top 1	acc (%):   79.71
2026-04-27 20:04:04,411 - INFO -  Top 3	acc (%):   91.56
2026-04-27 20:04:04,411 - INFO -  Top 5	acc (%):   93.94
2026-04-27 20:04:04,411 - INFO -  Top 10	acc (%):   96.15
2026-04-27 20:04:04,412 - INFO - 
Only Sphere2Vec-sphereC
2026-04-27 20:04:04,412 - INFO -  Model :	model_birdsnap_ebird_meta_1.0_Sphere2Vec-sphereC_inception_v3_0.0010_64_0.0010000_1_512.pth.tar
2026-04-27 20:04:04,427 - INFO - (2217,)
2026-04-27 20:04:04,491 - INFO -  Split ID: 0
2026-04-27 20:04:04,491 - INFO -  Top 1	LocEnc acc (%):   5.77
2026-04-27 20:04:04,491 - INFO -  Top 3	LocEnc acc (%):   12.99
2026-04-27 20:04:04,491 - INFO -  Top 5	LocEnc acc (%):   19.12
2026-04-27 20:04:04,491 - INFO -  Top 10	LocEnc acc (%):   28.33
2026-04-27 20:05:05,080 - INFO - 
num_classes	500
2026-04-27 20:05:05,081 - INFO - num train    	42490
2026-04-27 20:05:05,081 - INFO - num val      	2217
2026-04-27 20:05:05,081 - INFO - train loss   	full_loss
2026-04-27 20:05:05,081 - INFO - model name   	../pre_trained_models/sphere2vec_sphereC/model_birdsnap_ebird_meta_1.0_Sphere2Vec-sphereC_inception_v3_0.0010_64_0.0010000_1_512.pth.tar
2026-04-27 20:05:05,081 - INFO - num users    	5763
2026-04-27 20:05:05,081 - INFO - meta data    	ebird_meta
2026-04-27 20:05:06,027 - INFO - 
Epoch	0
2026-04-27 20:05:07,741 - INFO - [41984/42490]	Loss  : 1.7608
2026-04-27 20:05:07,888 - INFO - Test loss   : 0.7580
2026-04-27 20:05:07,888 - INFO - 
Epoch	1
2026-04-27 20:05:09,240 - INFO - [41984/42490]	Loss  : 1.2503
2026-04-27 20:05:09,265 - INFO - Test loss   : 0.4975
2026-04-27 20:05:09,265 - INFO - 
Epoch	2
2026-04-27 20:05:10,572 - INFO - [41984/42490]	Loss  : 1.0304
2026-04-27 20:05:10,604 - INFO - Test loss   : 0.3752
2026-04-27 20:05:10,604 - INFO - 
Epoch	3
2026-04-27 20:05:11,975 - INFO - [41984/42490]	Loss  : 0.9443
2026-04-27 20:05:12,003 - INFO - Test loss   : 0.3447
2026-04-27 20:05:12,003 - INFO - 
Epoch	4
2026-04-27 20:05:13,413 - INFO - [41984/42490]	Loss  : 0.8978
2026-04-27 20:05:13,437 - INFO - Test loss   : 0.3371
2026-04-27 20:05:13,438 - INFO - 
Epoch	5
2026-04-27 20:05:14,617 - INFO - [41984/42490]	Loss  : 0.8675
2026-04-27 20:05:14,641 - INFO - Test loss   : 0.3314
2026-04-27 20:05:14,641 - INFO - 
Epoch	6
2026-04-27 20:05:15,795 - INFO - [41984/42490]	Loss  : 0.8417
2026-04-27 20:05:15,818 - INFO - Test loss   : 0.3330
2026-04-27 20:05:15,818 - INFO - 
Epoch	7
2026-04-27 20:05:17,013 - INFO - [41984/42490]	Loss  : 0.8228
2026-04-27 20:05:17,036 - INFO - Test loss   : 0.3298
2026-04-27 20:05:17,036 - INFO - 
Epoch	8
2026-04-27 20:05:18,268 - INFO - [41984/42490]	Loss  : 0.8087
2026-04-27 20:05:18,293 - INFO - Test loss   : 0.3230
2026-04-27 20:05:18,293 - INFO - 
Epoch	9
2026-04-27 20:05:19,459 - INFO - [41984/42490]	Loss  : 0.7946
2026-04-27 20:05:19,483 - INFO - Test loss   : 0.3314
2026-04-27 20:05:19,484 - INFO - 
Epoch	10
2026-04-27 20:05:20,753 - INFO - [41984/42490]	Loss  : 0.7837
2026-04-27 20:05:20,779 - INFO - Test loss   : 0.3360
2026-04-27 20:05:20,779 - INFO - 
Epoch	11
2026-04-27 20:05:21,991 - INFO - [41984/42490]	Loss  : 0.7754
2026-04-27 20:05:22,016 - INFO - Test loss   : 0.3357
2026-04-27 20:05:22,016 - INFO - 
Epoch	12
2026-04-27 20:05:23,226 - INFO - [41984/42490]	Loss  : 0.7637
2026-04-27 20:05:23,251 - INFO - Test loss   : 0.3416
2026-04-27 20:05:23,251 - INFO - 
Epoch	13
2026-04-27 20:05:24,426 - INFO - [41984/42490]	Loss  : 0.7584
2026-04-27 20:05:24,451 - INFO - Test loss   : 0.3406
2026-04-27 20:05:24,451 - INFO - 
Epoch	14
2026-04-27 20:05:25,762 - INFO - [41984/42490]	Loss  : 0.7472
2026-04-27 20:05:25,787 - INFO - Test loss   : 0.3507
2026-04-27 20:05:25,787 - INFO - 
Epoch	15
2026-04-27 20:05:26,938 - INFO - [41984/42490]	Loss  : 0.7394
2026-04-27 20:05:26,984 - INFO - Test loss   : 0.3518
2026-04-27 20:05:26,984 - INFO - 
Epoch	16
2026-04-27 20:05:28,191 - INFO - [41984/42490]	Loss  : 0.7323
2026-04-27 20:05:28,219 - INFO - Test loss   : 0.3591
2026-04-27 20:05:28,219 - INFO - 
Epoch	17
2026-04-27 20:05:29,557 - INFO - [41984/42490]	Loss  : 0.7264
2026-04-27 20:05:29,582 - INFO - Test loss   : 0.3589
2026-04-27 20:05:29,582 - INFO - 
Epoch	18
2026-04-27 20:05:30,909 - INFO - [41984/42490]	Loss  : 0.7207
2026-04-27 20:05:30,934 - INFO - Test loss   : 0.3655
2026-04-27 20:05:30,934 - INFO - 
Epoch	19
2026-04-27 20:05:32,156 - INFO - [41984/42490]	Loss  : 0.7152
2026-04-27 20:05:32,181 - INFO - Test loss   : 0.3695
2026-04-27 20:05:32,181 - INFO - Saving output model to ../pre_trained_models/sphere2vec_sphereC/model_birdsnap_ebird_meta_1.0_Sphere2Vec-sphereC_inception_v3_0.0010_64_0.0010000_1_512.pth.tar
2026-04-27 20:05:32,324 - INFO - Saving output model to ../pre_trained_models/sphere2vec_sphereC/model_birdsnap_ebird_meta_1.0_Sphere2Vec-sphereC_inception_v3_0.0010_64_0.0010000_1_512.pth.tar
2026-04-27 20:05:32,431 - INFO - 
No prior
2026-04-27 20:05:32,432 - INFO - (2262,)
2026-04-27 20:05:32,533 - INFO - Save results to ../eval_results/eval_birdsnap_ebird_meta_test_no_prior.csv
2026-04-27 20:05:32,533 - INFO -  Split ID: 0
2026-04-27 20:05:32,533 - INFO -  Top 1	acc (%):   70.07
2026-04-27 20:05:32,533 - INFO -  Top 3	acc (%):   86.6
2026-04-27 20:05:32,533 - INFO -  Top 5	acc (%):   90.05
2026-04-27 20:05:32,533 - INFO -  Top 10	acc (%):   92.88
2026-04-27 20:05:32,836 - INFO -  Split ID: 0
2026-04-27 20:05:32,836 - INFO -  Top 1	acc (%):   79.66
2026-04-27 20:05:32,836 - INFO -  Top 3	acc (%):   91.64
2026-04-27 20:05:32,836 - INFO -  Top 5	acc (%):   93.85
2026-04-27 20:05:32,836 - INFO -  Top 10	acc (%):   96.11
2026-04-27 20:05:32,836 - INFO - 
Only Sphere2Vec-sphereC
2026-04-27 20:05:32,836 - INFO -  Model :	model_birdsnap_ebird_meta_1.0_Sphere2Vec-sphereC_inception_v3_0.0010_64_0.0010000_1_512.pth.tar
2026-04-27 20:05:32,852 - INFO - (2217,)
2026-04-27 20:05:32,916 - INFO -  Split ID: 0
2026-04-27 20:05:32,916 - INFO -  Top 1	LocEnc acc (%):   6.04
2026-04-27 20:05:32,916 - INFO -  Top 3	LocEnc acc (%):   12.45
2026-04-27 20:05:32,916 - INFO -  Top 5	LocEnc acc (%):   18.0
2026-04-27 20:05:32,916 - INFO -  Top 10	LocEnc acc (%):   29.0
2026-04-27 20:07:28,204 - INFO - 
num_classes	500
2026-04-27 20:07:28,204 - INFO - num train    	42490
2026-04-27 20:07:28,204 - INFO - num val      	2217
2026-04-27 20:07:28,204 - INFO - train loss   	full_loss
2026-04-27 20:07:28,204 - INFO - model name   	../pre_trained_models/sphere2vec_sphereC/model_birdsnap_ebird_meta_1.0_Sphere2Vec-sphereC_inception_v3_0.0010_64_0.0010000_1_512.pth.tar
2026-04-27 20:07:28,204 - INFO - num users    	5763
2026-04-27 20:07:28,204 - INFO - meta data    	ebird_meta
2026-04-27 20:07:28,809 - INFO - 
Only Sphere2Vec-sphereC
2026-04-27 20:07:28,809 - INFO -  Model :	model_birdsnap_ebird_meta_1.0_Sphere2Vec-sphereC_inception_v3_0.0010_64_0.0010000_1_512.pth.tar
2026-04-27 20:07:28,855 - INFO - 
Epoch	21
2026-04-27 20:07:30,268 - INFO - [41984/42490]	Loss  : 0.7080
2026-04-27 20:07:30,363 - INFO - Test loss   : 0.3792
2026-04-27 20:07:30,364 - INFO - 
Epoch	22
2026-04-27 20:07:31,567 - INFO - [41984/42490]	Loss  : 0.7017
2026-04-27 20:07:31,595 - INFO - Test loss   : 0.3888
2026-04-27 20:07:31,595 - INFO - 
Epoch	23
2026-04-27 20:07:32,766 - INFO - [41984/42490]	Loss  : 0.6996
2026-04-27 20:07:32,789 - INFO - Test loss   : 0.3911
2026-04-27 20:07:32,789 - INFO - 
Epoch	24
2026-04-27 20:07:33,944 - INFO - [41984/42490]	Loss  : 0.6933
2026-04-27 20:07:33,967 - INFO - Test loss   : 0.3938
2026-04-27 20:07:33,968 - INFO - 
Epoch	25
2026-04-27 20:07:35,188 - INFO - [41984/42490]	Loss  : 0.6898
2026-04-27 20:07:35,211 - INFO - Test loss   : 0.4003
2026-04-27 20:07:35,211 - INFO - 
Epoch	26
2026-04-27 20:07:36,371 - INFO - [41984/42490]	Loss  : 0.6866
2026-04-27 20:07:36,395 - INFO - Test loss   : 0.4011
2026-04-27 20:07:36,395 - INFO - 
Epoch	27
2026-04-27 20:07:37,556 - INFO - [41984/42490]	Loss  : 0.6815
2026-04-27 20:07:37,579 - INFO - Test loss   : 0.4130
2026-04-27 20:07:37,580 - INFO - 
Epoch	28
2026-04-27 20:07:38,796 - INFO - [41984/42490]	Loss  : 0.6795
2026-04-27 20:07:38,819 - INFO - Test loss   : 0.4173
2026-04-27 20:07:38,819 - INFO - 
Epoch	29
2026-04-27 20:07:40,007 - INFO - [41984/42490]	Loss  : 0.6761
2026-04-27 20:07:40,031 - INFO - Test loss   : 0.4238
2026-04-27 20:07:40,031 - INFO - 
Epoch	30
2026-04-27 20:07:41,159 - INFO - [41984/42490]	Loss  : 0.6703
2026-04-27 20:07:41,204 - INFO - Test loss   : 0.4357
2026-04-27 20:07:41,204 - INFO - 
Epoch	31
2026-04-27 20:07:42,417 - INFO - [41984/42490]	Loss  : 0.6642
2026-04-27 20:07:42,441 - INFO - Test loss   : 0.4416
2026-04-27 20:07:42,441 - INFO - 
Epoch	32
2026-04-27 20:07:43,594 - INFO - [41984/42490]	Loss  : 0.6638
2026-04-27 20:07:43,617 - INFO - Test loss   : 0.4373
2026-04-27 20:07:43,617 - INFO - 
Epoch	33
2026-04-27 20:07:44,776 - INFO - [41984/42490]	Loss  : 0.6599
2026-04-27 20:07:44,800 - INFO - Test loss   : 0.4465
2026-04-27 20:07:44,800 - INFO - 
Epoch	34
2026-04-27 20:07:46,021 - INFO - [41984/42490]	Loss  : 0.6584
2026-04-27 20:07:46,045 - INFO - Test loss   : 0.4473
2026-04-27 20:07:46,045 - INFO - 
Epoch	35
2026-04-27 20:07:47,244 - INFO - [41984/42490]	Loss  : 0.6538
2026-04-27 20:07:47,268 - INFO - Test loss   : 0.4489
2026-04-27 20:07:47,268 - INFO - 
Epoch	36
2026-04-27 20:07:48,470 - INFO - [41984/42490]	Loss  : 0.6503
2026-04-27 20:07:48,495 - INFO - Test loss   : 0.4631
2026-04-27 20:07:48,495 - INFO - 
Epoch	37
2026-04-27 20:07:49,653 - INFO - [41984/42490]	Loss  : 0.6486
2026-04-27 20:07:49,676 - INFO - Test loss   : 0.4664
2026-04-27 20:07:49,676 - INFO - 
Epoch	38
2026-04-27 20:07:50,935 - INFO - [41984/42490]	Loss  : 0.6449
2026-04-27 20:07:50,959 - INFO - Test loss   : 0.4653
2026-04-27 20:07:50,959 - INFO - 
Epoch	39
2026-04-27 20:07:52,097 - INFO - [41984/42490]	Loss  : 0.6432
2026-04-27 20:07:52,121 - INFO - Test loss   : 0.4739
2026-04-27 20:07:52,121 - INFO - 
Epoch	40
2026-04-27 20:07:53,320 - INFO - [41984/42490]	Loss  : 0.6407
2026-04-27 20:07:53,367 - INFO - Test loss   : 0.4783
2026-04-27 20:07:53,368 - INFO - Saving output model to ../pre_trained_models/sphere2vec_sphereC/model_birdsnap_ebird_meta_1.0_Sphere2Vec-sphereC_inception_v3_0.0010_64_0.0010000_1_512.pth.tar
2026-04-27 20:07:53,519 - INFO - Saving output model to ../pre_trained_models/sphere2vec_sphereC/model_birdsnap_ebird_meta_1.0_Sphere2Vec-sphereC_inception_v3_0.0010_64_0.0010000_1_512.pth.tar
2026-04-27 20:07:53,641 - INFO - 
No prior
2026-04-27 20:07:53,642 - INFO - (2262,)
2026-04-27 20:07:53,735 - INFO - Save results to ../eval_results/eval_birdsnap_ebird_meta_test_no_prior.csv
2026-04-27 20:07:53,735 - INFO -  Split ID: 0
2026-04-27 20:07:53,735 - INFO -  Top 1	acc (%):   70.07
2026-04-27 20:07:53,735 - INFO -  Top 3	acc (%):   86.6
2026-04-27 20:07:53,735 - INFO -  Top 5	acc (%):   90.05
2026-04-27 20:07:53,735 - INFO -  Top 10	acc (%):   92.88
2026-04-27 20:07:54,033 - INFO -  Split ID: 0
2026-04-27 20:07:54,033 - INFO -  Top 1	acc (%):   79.66
2026-04-27 20:07:54,033 - INFO -  Top 3	acc (%):   91.69
2026-04-27 20:07:54,033 - INFO -  Top 5	acc (%):   94.21
2026-04-27 20:07:54,033 - INFO -  Top 10	acc (%):   96.24
2026-04-27 20:07:54,034 - INFO - 
Only Sphere2Vec-sphereC
2026-04-27 20:07:54,034 - INFO -  Model :	model_birdsnap_ebird_meta_1.0_Sphere2Vec-sphereC_inception_v3_0.0010_64_0.0010000_1_512.pth.tar
2026-04-27 20:07:54,048 - INFO - (2217,)
2026-04-27 20:07:54,111 - INFO -  Split ID: 0
2026-04-27 20:07:54,112 - INFO -  Top 1	LocEnc acc (%):   6.31
2026-04-27 20:07:54,112 - INFO -  Top 3	LocEnc acc (%):   14.25
2026-04-27 20:07:54,112 - INFO -  Top 5	LocEnc acc (%):   20.03
2026-04-27 20:07:54,112 - INFO -  Top 10	LocEnc acc (%):   30.81
2026-04-27 20:08:33,833 - INFO - 
num_classes	500
2026-04-27 20:08:33,834 - INFO - num train    	42490
2026-04-27 20:08:33,834 - INFO - num val      	2217
2026-04-27 20:08:33,834 - INFO - train loss   	full_loss
2026-04-27 20:08:33,834 - INFO - model name   	../pre_trained_models/sphere2vec_sphereC/model_birdsnap_ebird_meta_1.0_Sphere2Vec-sphereC_inception_v3_0.0010_64_0.0010000_1_512.pth.tar
2026-04-27 20:08:33,834 - INFO - num users    	5763
2026-04-27 20:08:33,834 - INFO - meta data    	ebird_meta
2026-04-27 20:08:34,597 - INFO - 
Epoch	0
2026-04-27 20:08:35,998 - INFO - [41984/42490]	Loss  : 1.7550
2026-04-27 20:08:36,101 - INFO - Test loss   : 0.7621
2026-04-27 20:08:36,102 - INFO - 
Epoch	1
2026-04-27 20:08:37,295 - INFO - [41984/42490]	Loss  : 1.2574
2026-04-27 20:08:37,319 - INFO - Test loss   : 0.5325
2026-04-27 20:08:37,319 - INFO - 
Epoch	2
2026-04-27 20:08:38,504 - INFO - [41984/42490]	Loss  : 1.0379
2026-04-27 20:08:38,528 - INFO - Test loss   : 0.3971
2026-04-27 20:08:38,528 - INFO - 
Epoch	3
2026-04-27 20:08:39,719 - INFO - [41984/42490]	Loss  : 0.9513
2026-04-27 20:08:39,742 - INFO - Test loss   : 0.3613
2026-04-27 20:08:39,742 - INFO - 
Epoch	4
2026-04-27 20:08:41,057 - INFO - [41984/42490]	Loss  : 0.9017
2026-04-27 20:08:41,080 - INFO - Test loss   : 0.3365
2026-04-27 20:08:41,080 - INFO - 
Epoch	5
2026-04-27 20:08:42,251 - INFO - [41984/42490]	Loss  : 0.8682
2026-04-27 20:08:42,274 - INFO - Test loss   : 0.3330
2026-04-27 20:08:42,274 - INFO - 
Epoch	6
2026-04-27 20:08:43,403 - INFO - [41984/42490]	Loss  : 0.8447
2026-04-27 20:08:43,451 - INFO - Test loss   : 0.3291
2026-04-27 20:08:43,451 - INFO - 
Epoch	7
2026-04-27 20:08:44,657 - INFO - [41984/42490]	Loss  : 0.8244
2026-04-27 20:08:44,682 - INFO - Test loss   : 0.3288
2026-04-27 20:08:44,682 - INFO - 
Epoch	8
2026-04-27 20:08:45,819 - INFO - [41984/42490]	Loss  : 0.8096
2026-04-27 20:08:45,867 - INFO - Test loss   : 0.3262
2026-04-27 20:08:45,867 - INFO - 
Epoch	9
2026-04-27 20:08:47,025 - INFO - [41984/42490]	Loss  : 0.7953
2026-04-27 20:08:47,050 - INFO - Test loss   : 0.3278
2026-04-27 20:08:47,050 - INFO - 
Epoch	10
2026-04-27 20:08:48,322 - INFO - [41984/42490]	Loss  : 0.7822
2026-04-27 20:08:48,345 - INFO - Test loss   : 0.3318
2026-04-27 20:08:48,345 - INFO - 
Epoch	11
2026-04-27 20:08:49,529 - INFO - [41984/42490]	Loss  : 0.7712
2026-04-27 20:08:49,553 - INFO - Test loss   : 0.3358
2026-04-27 20:08:49,553 - INFO - 
Epoch	12
2026-04-27 20:08:50,724 - INFO - [41984/42490]	Loss  : 0.7643
2026-04-27 20:08:50,749 - INFO - Test loss   : 0.3417
2026-04-27 20:08:50,749 - INFO - 
Epoch	13
2026-04-27 20:08:51,896 - INFO - [41984/42490]	Loss  : 0.7550
2026-04-27 20:08:51,948 - INFO - Test loss   : 0.3411
2026-04-27 20:08:51,948 - INFO - 
Epoch	14
2026-04-27 20:08:53,164 - INFO - [41984/42490]	Loss  : 0.7470
2026-04-27 20:08:53,187 - INFO - Test loss   : 0.3478
2026-04-27 20:08:53,187 - INFO - 
Epoch	15
2026-04-27 20:08:54,386 - INFO - [41984/42490]	Loss  : 0.7375
2026-04-27 20:08:54,411 - INFO - Test loss   : 0.3472
2026-04-27 20:08:54,412 - INFO - 
Epoch	16
2026-04-27 20:08:55,595 - INFO - [41984/42490]	Loss  : 0.7310
2026-04-27 20:08:55,620 - INFO - Test loss   : 0.3559
2026-04-27 20:08:55,620 - INFO - 
Epoch	17
2026-04-27 20:08:56,860 - INFO - [41984/42490]	Loss  : 0.7250
2026-04-27 20:08:56,884 - INFO - Test loss   : 0.3543
2026-04-27 20:08:56,884 - INFO - 
Epoch	18
2026-04-27 20:08:58,080 - INFO - [41984/42490]	Loss  : 0.7200
2026-04-27 20:08:58,106 - INFO - Test loss   : 0.3653
2026-04-27 20:08:58,106 - INFO - 
Epoch	19
2026-04-27 20:08:59,322 - INFO - [41984/42490]	Loss  : 0.7128
2026-04-27 20:08:59,346 - INFO - Test loss   : 0.3732
2026-04-27 20:08:59,346 - INFO - Saving output model to ../pre_trained_models/sphere2vec_sphereC/model_birdsnap_ebird_meta_1.0_Sphere2Vec-sphereC_inception_v3_0.0010_64_0.0010000_1_512.pth.tar
2026-04-27 20:08:59,570 - INFO - Saving output model to ../pre_trained_models/sphere2vec_sphereC/model_birdsnap_ebird_meta_1.0_Sphere2Vec-sphereC_inception_v3_0.0010_64_0.0010000_1_512.pth.tar
2026-04-27 20:08:59,692 - INFO - 
No prior
2026-04-27 20:08:59,694 - INFO - (2262,)
2026-04-27 20:08:59,785 - INFO - Save results to ../eval_results/eval_birdsnap_ebird_meta_test_no_prior.csv
2026-04-27 20:08:59,785 - INFO -  Split ID: 0
2026-04-27 20:08:59,785 - INFO -  Top 1	acc (%):   70.07
2026-04-27 20:08:59,785 - INFO -  Top 3	acc (%):   86.6
2026-04-27 20:08:59,785 - INFO -  Top 5	acc (%):   90.05
2026-04-27 20:08:59,785 - INFO -  Top 10	acc (%):   92.88
2026-04-27 20:09:00,081 - INFO -  Split ID: 0
2026-04-27 20:09:00,081 - INFO -  Top 1	acc (%):   80.02
2026-04-27 20:09:00,081 - INFO -  Top 3	acc (%):   91.69
2026-04-27 20:09:00,081 - INFO -  Top 5	acc (%):   94.03
2026-04-27 20:09:00,081 - INFO -  Top 10	acc (%):   96.24
2026-04-27 20:09:00,081 - INFO - 
Only Sphere2Vec-sphereC
2026-04-27 20:09:00,081 - INFO -  Model :	model_birdsnap_ebird_meta_1.0_Sphere2Vec-sphereC_inception_v3_0.0010_64_0.0010000_1_512.pth.tar
2026-04-27 20:09:00,095 - INFO - (2217,)
2026-04-27 20:09:00,158 - INFO -  Split ID: 0
2026-04-27 20:09:00,158 - INFO -  Top 1	LocEnc acc (%):   5.86
2026-04-27 20:09:00,158 - INFO -  Top 3	LocEnc acc (%):   13.04
2026-04-27 20:09:00,158 - INFO -  Top 5	LocEnc acc (%):   18.54
2026-04-27 20:09:00,158 - INFO -  Top 10	LocEnc acc (%):   28.91
